Loading data for patient 141765...
Loading model from /N/scratch/alikh/models/google--medgemma-4b-it...
This may take a few minutes on the NVIDIA A100...
Traceback (most recent call last):
  File "/geode2/home/u010/alikh/BigRed200/CBR-eICU-Data/Project-files/test_inference.py", line 147, in <module>
    run_inference()
  File "/geode2/home/u010/alikh/BigRed200/CBR-eICU-Data/Project-files/test_inference.py", line 71, in run_inference
    tokenizer = AutoTokenizer.from_pretrained(primary_model_path)
                ^^^^^^^^^^^^^^^^^^^^^^^^^^^^^^^^^^^^^^^^^^^^^^^^^
  File "/geode2/home/u010/alikh/BigRed200/CBR-eICU-Data/Project-files/venv/lib/python3.12/site-packages/transformers/models/auto/tokenization_auto.py", line 736, in from_pretrained
    return tokenizer_class.from_pretrained(pretrained_model_name_or_path, *inputs, **kwargs)
           ^^^^^^^^^^^^^^^^^^^^^^^^^^^^^^^^^^^^^^^^^^^^^^^^^^^^^^^^^^^^^^^^^^^^^^^^^^^^^^^^^
  File "/geode2/home/u010/alikh/BigRed200/CBR-eICU-Data/Project-files/venv/lib/python3.12/site-packages/transformers/tokenization_utils_base.py", line 1712, in from_pretrained
    return cls._from_pretrained(
           ^^^^^^^^^^^^^^^^^^^^^
  File "/geode2/home/u010/alikh/BigRed200/CBR-eICU-Data/Project-files/venv/lib/python3.12/site-packages/transformers/tokenization_utils_base.py", line 1900, in _from_pretrained
    tokenizer = cls(*init_inputs, **init_kwargs)
                ^^^^^^^^^^^^^^^^^^^^^^^^^^^^^^^^
  File "/geode2/home/u010/alikh/BigRed200/CBR-eICU-Data/Project-files/venv/lib/python3.12/site-packages/transformers/tokenization_utils_tokenizers.py", line 274, in __init__
    raise ValueError(
ValueError: Couldn't instantiate the backend tokenizer from one of: 
(1) a `tokenizers` library serialization file, 
(2) a slow tokenizer instance to convert or 
(3) an equivalent slow tokenizer class to instantiate and convert. 
You need to have sentencepiece or tiktoken installed to convert a slow tokenizer to a fast one.
